\BOOKMARK [1][-]{section.1}{\376\377\004\020\004\075\004\060\004\073\004\070\004\067\000\040\004\077\004\100\004\065\004\064\004\074\004\065\004\102\004\075\004\076\004\071\000\040\004\076\004\061\004\073\004\060\004\101\004\102\004\070}{}% 1
\BOOKMARK [2][-]{subsection.1.1}{\376\377\004\036\004\061\004\067\004\076\004\100\000\040\004\101\004\076\004\062\004\100\004\065\004\074\004\065\004\075\004\075\004\113\004\105\000\040\004\076\004\061\004\100\004\060\004\067\004\076\004\062\004\060\004\102\004\065\004\073\004\114\004\075\004\113\004\105\000\040\004\102\004\065\004\105\004\075\004\076\004\073\004\076\004\063\004\070\004\071}{section.1}% 2
\BOOKMARK [2][-]{subsection.1.2}{\376\377\004\020\004\075\004\060\004\073\004\070\004\067\000\040\004\060\004\075\004\060\004\073\004\076\004\063\004\076\004\062\000\040\004\100\004\060\004\067\004\100\004\060\004\061\004\060\004\102\004\113\004\062\004\060\004\065\004\074\004\076\004\063\004\076\000\040\004\103\004\101\004\102\004\100\004\076\004\071\004\101\004\102\004\062\004\060}{section.1}% 3
\BOOKMARK [2][-]{subsection.1.3}{\376\377\004\027\004\060\004\072\004\073\004\116\004\107\004\065\004\075\004\070\004\065}{section.1}% 4
\BOOKMARK [1][-]{section.2}{\376\377\004\042\004\065\004\105\004\075\004\070\004\107\004\065\004\101\004\072\004\076\004\065\000\040\004\067\004\060\004\064\004\060\004\075\004\070\004\065}{}% 5
\BOOKMARK [2][-]{subsection.2.1}{\376\377\004\037\004\076\004\073\004\114\004\067\004\076\004\062\004\060\004\102\004\065\004\073\004\114\004\101\004\072\004\070\004\065\000\040\004\070\004\101\004\102\004\076\004\100\004\070\004\070}{section.2}% 6
\BOOKMARK [2][-]{subsection.2.2}{\376\377\004\037\004\076\004\073\004\114\004\067\004\076\004\062\004\060\004\102\004\065\004\073\004\114\004\101\004\072\004\070\004\065\000\040\004\101\004\106\004\065\004\075\004\060\004\100\004\070\004\070}{section.2}% 7
\BOOKMARK [2][-]{subsection.2.3}{\376\377\004\036\004\101\004\075\004\076\004\062\004\060\004\075\004\070\004\117\000\040\004\064\004\073\004\117\000\040\004\100\004\060\004\067\004\100\004\060\004\061\004\076\004\102\004\072\004\070}{section.2}% 8
\BOOKMARK [2][-]{subsection.2.4}{\376\377\004\035\004\060\004\067\004\075\004\060\004\107\004\065\004\075\004\070\004\065\000\040\004\100\004\060\004\067\004\100\004\060\004\061\004\076\004\102\004\072\004\070}{section.2}% 9
\BOOKMARK [3][-]{subsubsection.2.4.1}{\376\377\004\044\004\103\004\075\004\072\004\106\004\070\004\076\004\075\004\060\004\073\004\114\004\075\004\113\004\065\000\040\004\102\004\100\004\065\004\061\004\076\004\062\004\060\004\075\004\070\004\117}{subsection.2.4}% 10
\BOOKMARK [3][-]{subsubsection.2.4.2}{\376\377\004\055\004\072\004\101\004\077\004\073\004\103\004\060\004\102\004\060\004\106\004\070\004\076\004\075\004\075\004\076\004\065\000\040\004\075\004\060\004\067\004\075\004\060\004\107\004\065\004\075\004\070\004\065}{subsection.2.4}% 11
\BOOKMARK [2][-]{subsection.2.5}{\376\377\004\042\004\100\004\065\004\061\004\076\004\062\004\060\004\075\004\070\004\117\000\040\004\072\000\040\004\106\004\070\004\104\004\100\004\076\004\062\004\076\004\074\004\103\000\040\004\103\004\101\004\102\004\100\004\076\004\071\004\101\004\102\004\062\004\103}{section.2}% 12
\BOOKMARK [3][-]{subsubsection.2.5.1}{\376\377\004\042\004\100\004\065\004\061\004\076\004\062\004\060\004\075\004\070\004\117\000\040\004\072\000\040\004\101\004\076\004\101\004\102\004\060\004\062\004\103\000\040\004\062\004\113\004\077\004\076\004\073\004\075\004\117\004\065\004\074\004\113\004\105\000\040\004\104\004\103\004\075\004\072\004\106\004\070\004\071}{subsection.2.5}% 13
\BOOKMARK [3][-]{subsubsection.2.5.2}{\376\377\004\042\004\100\004\065\004\061\004\076\004\062\004\060\004\075\004\070\004\117\000\040\004\072\000\040\004\076\004\100\004\063\004\060\004\075\004\070\004\067\004\060\004\106\004\070\004\070\000\040\004\062\004\105\004\076\004\064\004\075\004\113\004\105\000\040\004\070\000\040\004\062\004\113\004\105\004\076\004\064\004\075\004\113\004\105\000\040\004\064\004\060\004\075\004\075\004\113\004\105}{subsection.2.5}% 14
\BOOKMARK [3][-]{subsubsection.2.5.3}{\376\377\004\042\004\100\004\065\004\061\004\076\004\062\004\060\004\075\004\070\004\117\000\040\004\072\000\040\004\062\004\100\004\065\004\074\004\065\004\075\004\075\004\113\004\074\000\040\004\105\004\060\004\100\004\060\004\072\004\102\004\065\004\100\004\070\004\101\004\102\004\070\004\072\004\060\004\074}{subsection.2.5}% 15
\BOOKMARK [3][-]{subsubsection.2.5.4}{\376\377\004\042\004\100\004\065\004\061\004\076\004\062\004\060\004\075\004\070\004\117\000\040\004\072\000\040\004\075\004\060\004\064\004\065\004\066\004\075\004\076\004\101\004\102\004\070}{subsection.2.5}% 16
\BOOKMARK [3][-]{subsubsection.2.5.5}{\376\377\004\042\004\100\004\065\004\061\004\076\004\062\004\060\004\075\004\070\004\117\000\040\004\072\000\040\004\076\004\061\004\065\004\101\004\077\004\065\004\107\004\065\004\075\004\070\004\116\000\040\004\075\004\060\004\064\004\065\004\066\004\075\004\076\004\063\004\076\000\040\004\104\004\103\004\075\004\072\004\106\004\070\004\076\004\075\004\070\004\100\004\076\004\062\004\060\004\075\004\070\004\117\000\040\004\101\004\070\004\101\004\102\004\065\004\074\004\113}{subsection.2.5}% 17
\BOOKMARK [3][-]{subsubsection.2.5.6}{\376\377\004\022\004\100\004\065\004\074\004\117\000\040\004\062\004\076\004\101\004\101\004\102\004\060\004\075\004\076\004\062\004\073\004\065\004\075\004\070\004\117\000\040\004\077\004\076\004\101\004\073\004\065\000\040\004\076\004\102\004\072\004\060\004\067\004\060}{subsection.2.5}% 18
\BOOKMARK [3][-]{subsubsection.2.5.7}{\376\377\004\043\004\101\004\073\004\076\004\062\004\070\004\117\000\040\004\115\004\072\004\101\004\077\004\073\004\103\004\060\004\102\004\060\004\106\004\070\004\070}{subsection.2.5}% 19
\BOOKMARK [3][-]{subsubsection.2.5.8}{\376\377\004\032\004\073\004\070\004\074\004\060\004\102\004\070\004\107\004\065\004\101\004\072\004\070\004\065\000\040\004\103\004\101\004\073\004\076\004\062\004\070\004\117\000\040\004\115\004\072\004\101\004\077\004\073\004\103\004\060\004\102\004\060\004\106\004\070\004\070}{subsection.2.5}% 20
\BOOKMARK [3][-]{subsubsection.2.5.9}{\376\377\004\042\004\100\004\065\004\061\004\076\004\062\004\060\004\075\004\070\004\117\000\040\004\072\000\040\004\062\004\070\004\064\004\060\004\074\000\040\004\076\004\061\004\101\004\073\004\103\004\066\004\070\004\062\004\060\004\075\004\070\004\117}{subsection.2.5}% 21
\BOOKMARK [3][-]{subsubsection.2.5.10}{\376\377\004\042\004\100\004\065\004\061\004\076\004\062\004\060\004\075\004\070\004\117\000\040\004\072\000\040\004\107\004\070\004\101\004\073\004\065\004\075\004\075\004\076\004\101\004\102\004\070\000\040\004\070\000\040\004\072\004\062\004\060\004\073\004\070\004\104\004\070\004\072\004\060\004\106\004\070\004\070\000\040\004\077\004\065\004\100\004\101\004\076\004\075\004\060\004\073\004\060}{subsection.2.5}% 22
\BOOKMARK [3][-]{subsubsection.2.5.11}{\376\377\004\042\004\100\004\065\004\061\004\076\004\062\004\060\004\075\004\070\004\117\000\040\004\072\000\040\004\101\004\076\004\101\004\102\004\060\004\062\004\103\000\040\004\070\000\040\004\077\004\060\004\100\004\060\004\074\004\065\004\102\004\100\004\060\004\074\000\040\004\102\004\065\004\105\004\075\004\070\004\107\004\065\004\101\004\072\004\070\004\105\000\040\004\101\004\100\004\065\004\064\004\101\004\102\004\062}{subsection.2.5}% 23
\BOOKMARK [3][-]{subsubsection.2.5.12}{\376\377\004\042\004\100\004\065\004\061\004\076\004\062\004\060\004\075\004\070\004\117\000\040\004\072\000\040\004\060\004\077\004\077\004\060\004\100\004\060\004\102\004\075\004\076\004\071\000\040\004\101\004\076\004\062\004\074\004\065\004\101\004\102\004\070\004\074\004\076\004\101\004\102\004\070}{subsection.2.5}% 24
\BOOKMARK [3][-]{subsubsection.2.5.13}{\376\377\004\042\004\100\004\065\004\061\004\076\004\062\004\060\004\075\004\070\004\065\000\040\004\072\000\040\004\074\004\060\004\100\004\072\004\070\004\100\004\076\004\062\004\072\004\065\000\040\004\070\000\040\004\103\004\077\004\060\004\072\004\076\004\062\004\072\004\065}{subsection.2.5}% 25
\BOOKMARK [3][-]{subsubsection.2.5.14}{\376\377\004\042\004\100\004\065\004\061\004\076\004\062\004\060\004\075\004\070\004\117\000\040\004\072\000\040\004\102\004\100\004\060\004\075\004\101\004\077\004\076\004\100\004\102\004\070\004\100\004\076\004\062\004\060\004\075\004\070\004\116\000\040\004\070\000\040\004\105\004\100\004\060\004\075\004\065\004\075\004\070\004\116}{subsection.2.5}% 26
\BOOKMARK [3][-]{subsubsection.2.5.15}{\376\377\004\041\004\077\004\065\004\106\004\070\004\060\004\073\004\114\004\075\004\113\004\065\000\040\004\102\004\100\004\065\004\061\004\076\004\062\004\060\004\075\004\070\004\117}{subsection.2.5}% 27
\BOOKMARK [2][-]{subsection.2.6}{\376\377\004\042\004\100\004\065\004\061\004\076\004\062\004\060\004\075\004\070\004\117\000\040\004\072\000\040\004\077\004\100\004\076\004\063\004\100\004\060\004\074\004\074\004\075\004\076\004\071\000\040\004\064\004\076\004\072\004\103\004\074\004\065\004\075\004\102\004\060\004\106\004\070\004\070}{section.2}% 28
\BOOKMARK [2][-]{subsection.2.7}{\376\377\004\042\004\065\004\105\004\075\004\070\004\072\004\076\000-\004\115\004\072\004\076\004\075\004\076\004\074\004\070\004\107\004\065\004\101\004\072\004\070\004\065\000\040\004\077\004\076\004\072\004\060\004\067\004\060\004\102\004\065\004\073\004\070}{section.2}% 29
\BOOKMARK [2][-]{subsection.2.8}{\376\377\004\041\004\102\004\060\004\064\004\070\004\070\000\040\004\070\000\040\004\115\004\102\004\060\004\077\004\113\000\040\004\100\004\060\004\067\004\100\004\060\004\061\004\076\004\102\004\072\004\070}{section.2}% 30
\BOOKMARK [2][-]{subsection.2.9}{\376\377\004\037\004\076\004\100\004\117\004\064\004\076\004\072\000\040\004\072\004\076\004\075\004\102\004\100\004\076\004\073\004\117\000\040\004\070\000\040\004\077\004\100\004\070\004\065\004\074\004\072\004\070}{section.2}% 31
\BOOKMARK [2][-]{subsection.2.10}{\376\377\004\027\004\060\004\072\004\073\004\116\004\107\004\065\004\075\004\070\004\065}{section.2}% 32
\BOOKMARK [1][-]{section.3}{\376\377\004\037\004\100\004\076\004\065\004\072\004\102\004\070\004\100\004\076\004\062\004\060\004\075\004\070\004\065\000\040\004\103\004\101\004\102\004\100\004\076\004\071\004\101\004\102\004\062\004\060}{}% 33
\BOOKMARK [2][-]{subsection.3.1}{\376\377\004\044\004\103\004\075\004\072\004\106\004\070\004\076\004\075\004\060\004\073\004\114\004\075\004\060\004\117\000\040\004\074\004\065\004\102\004\076\004\064\004\076\004\073\004\076\004\063\004\070\004\117}{section.3}% 34
\BOOKMARK [2][-]{subsection.3.2}{\376\377\004\044\004\103\004\075\004\072\004\106\004\070\004\076\004\075\004\060\004\073\004\114\004\075\004\060\004\117\000\040\004\101\004\105\004\065\004\074\004\060}{section.3}% 35
\BOOKMARK [2][-]{subsection.3.3}{\376\377\004\037\004\100\004\070\004\075\004\106\004\070\004\077\004\070\004\060\004\073\004\114\004\075\004\060\004\117\000\040\004\101\004\105\004\065\004\074\004\060}{section.3}% 36
\BOOKMARK [2][-]{subsection.3.4}{\376\377\004\027\004\060\004\072\004\073\004\116\004\107\004\065\004\075\004\070\004\065}{section.3}% 37
\BOOKMARK [1][-]{section.4}{\376\377\004\040\004\065\004\060\004\073\004\070\004\067\004\060\004\106\004\070\004\117\000\040\004\103\004\101\004\102\004\100\004\076\004\071\004\101\004\102\004\062\004\060}{}% 38
\BOOKMARK [2][-]{subsection.4.1}{\376\377\004\055\004\073\004\065\004\074\004\065\004\075\004\102\004\075\004\060\004\117\000\040\004\061\004\060\004\067\004\060}{section.4}% 39
\BOOKMARK [2][-]{subsection.4.2}{\376\377\004\041\004\061\004\076\004\100\004\072\004\060\000\040\004\103\004\101\004\102\004\100\004\076\004\071\004\101\004\102\004\062\004\060}{section.4}% 40
\BOOKMARK [2][-]{subsection.4.3}{\376\377\004\027\004\060\004\072\004\073\004\116\004\107\004\065\004\075\004\070\004\065}{section.4}% 41
\BOOKMARK [1][-]{section.5}{\376\377\004\042\004\065\004\101\004\102\004\070\004\100\004\076\004\062\004\060\004\075\004\070\004\065}{}% 42
\BOOKMARK [2][-]{subsection.5.1}{\376\377\004\027\004\060\004\072\004\073\004\116\004\107\004\065\004\075\004\070\004\065}{section.5}% 43
\BOOKMARK [1][-]{section.6}{\376\377\004\027\004\060\004\072\004\073\004\116\004\107\004\065\004\075\004\070\004\065}{}% 44
\BOOKMARK [1][-]{section.7}{\376\377\004\041\004\077\004\070\004\101\004\076\004\072\000\040\004\073\004\070\004\102\004\065\004\100\004\060\004\102\004\103\004\100\004\113}{}% 45
\BOOKMARK [1][-]{section.7}{\376\377\004\037\004\100\004\070\004\073\004\076\004\066\004\065\004\075\004\070\004\065\000\040\004\020}{}% 46
\BOOKMARK [2][-]{section*.1}{\376\377\004\033\004\076\004\061\004\076\004\100\004\060\004\102\004\076\004\100\004\075\004\060\004\117\000\040\004\103\004\101\004\102\004\060\004\075\004\076\004\062\004\072\004\060}{section.7}% 47
